2026-04-03 18:52:41.232 [main] DEBUG com.appointmentscheduler.application.AppConfig - Application configuration loaded
2026-04-03 18:52:42.641 [main] DEBUG com.appointmentscheduler.application.AppConfig - Application configuration loaded
2026-04-03 18:52:43.142 [main] DEBUG com.appointmentscheduler.application.AppConfig - Application configuration loaded
2026-04-03 18:52:43.238 [main] DEBUG com.appointmentscheduler.application.AppConfig - Application configuration loaded
2026-04-03 18:52:44.615 [JavaFX Application Thread] INFO  com.zaxxer.hikari.HikariDataSource - AppointmentBookingPool - Starting...
2026-04-03 18:52:44.996 [JavaFX Application Thread] INFO  com.zaxxer.hikari.pool.HikariPool - AppointmentBookingPool - Added connection com.mysql.cj.jdbc.ConnectionImpl@3e49f3ea
2026-04-03 18:52:44.998 [JavaFX Application Thread] INFO  com.zaxxer.hikari.HikariDataSource - AppointmentBookingPool - Start completed.
2026-04-03 18:52:44.998 [JavaFX Application Thread] INFO  c.a.persistence.database.DatabaseConfig - Database connection pool initialized: jdbc:mysql://localhost:3306/appointment?useUnicode=true&characterEncoding=UTF-8&serverTimezone=UTC&useSSL=false&allowPublicKeyRetrieval=true
2026-04-03 18:52:45.023 [JavaFX Application Thread] INFO  c.a.persistence.database.DatabaseConfig - MySQL: table app_user verified/created
2026-04-03 18:52:45.049 [JavaFX Application Thread] DEBUG c.a.persistence.database.DatabaseConfig - MySQL (skipped): ALTER TABLE appointment ADD COLUMN customer_notes VARCHAR(2000) NULL — Duplicate column name 'customer_notes'
2026-04-03 18:52:45.050 [JavaFX Application Thread] DEBUG c.a.persistence.database.DatabaseConfig - MySQL (skipped): ALTER TABLE appointment ADD COLUMN contact_phone VARCHAR(64) NULL — Duplicate column name 'contact_phone'
2026-04-03 18:52:45.051 [JavaFX Application Thread] DEBUG c.a.persistence.database.DatabaseConfig - MySQL (skipped): ALTER TABLE appointment ADD COLUMN reminder_channel VARCHAR(32) NULL — Duplicate column name 'reminder_channel'
2026-04-03 18:52:45.051 [JavaFX Application Thread] DEBUG c.a.persistence.database.DatabaseConfig - MySQL (skipped): ALTER TABLE appointment ADD COLUMN accessibility_needs VARCHAR(512) NULL — Duplicate column name 'accessibility_needs'
2026-04-03 18:52:45.052 [JavaFX Application Thread] DEBUG c.a.persistence.database.DatabaseConfig - MySQL (skipped): ALTER TABLE appointment ADD COLUMN preferred_language VARCHAR(16) NULL — Duplicate column name 'preferred_language'
2026-04-03 18:52:45.070 [JavaFX Application Thread] INFO  com.appointmentscheduler.presentation.MainApp - Using database persistence (MySQL). User and appointment data will be saved.
2026-04-03 18:52:45.133 [JavaFX Application Thread] INFO  com.appointmentscheduler.presentation.MainApp - Starting Appointment Booking System v3.0.0
2026-04-03 18:52:46.718 [JavaFX Application Thread] WARN  com.appointmentscheduler.presentation.MainApp - loadScreen re-entry ignored: PatientDashboard.fxml
2026-04-03 18:52:46.719 [JavaFX Application Thread] WARN  com.appointmentscheduler.presentation.MainApp - loadScreen re-entry ignored: ThisDoesNotExist.fxml
2026-04-03 18:52:46.729 [JavaFX Application Thread] DEBUG c.appointmentscheduler.application.AuditLogService - Audit: LOGOUT | Admin | User logged out from application
2026-04-03 18:52:46.730 [JavaFX Application Thread] WARN  com.appointmentscheduler.presentation.MainApp - loadScreen re-entry ignored: Login.fxml
2026-04-03 18:52:48.311 [JavaFX Application Thread] INFO  com.appointmentscheduler.presentation.MainApp - Using database persistence (MySQL). User and appointment data will be saved.
2026-04-03 18:52:48.329 [JavaFX Application Thread] INFO  com.appointmentscheduler.presentation.MainApp - Starting Appointment Booking System v3.0.0
2026-04-03 18:52:49.605 [JavaFX Application Thread] ERROR com.appointmentscheduler.presentation.MainApp - Failed to load screen: ThisDoesNotExist.fxml
java.lang.IllegalStateException: FXML not found. Tried: /com/appointmentscheduler/presentation/ThisDoesNotExist.fxml, com/appointmentscheduler/presentation/ThisDoesNotExist.fxml, ThisDoesNotExist.fxml. Check that src/main/resources is on classpath.
	at com.appointmentscheduler/com.appointmentscheduler.presentation.MainApp.loadScreen(MainApp.java:320)
	at com.appointmentscheduler/com.appointmentscheduler.presentation.PresentationMainAppCoverageTest.lambda$mainApp_loadScreen_and_errorHandling_executeCompletely$5(PresentationMainAppCoverageTest.java:76)
	at com.appointmentscheduler/com.appointmentscheduler.presentation.PresentationMainAppCoverageTest.lambda$runOnFxVoid$0(PresentationMainAppCoverageTest.java:138)
	at com.appointmentscheduler/com.appointmentscheduler.presentation.PresentationMainAppCoverageTest.lambda$runOnFx$0(PresentationMainAppCoverageTest.java:120)
	at javafx.graphics/com.sun.javafx.application.PlatformImpl.lambda$runLater$10(PlatformImpl.java:457)
	at java.base/java.security.AccessController.doPrivileged(AccessController.java:138)
	at javafx.graphics/com.sun.javafx.application.PlatformImpl.lambda$runLater$11(PlatformImpl.java:456)
	at javafx.graphics/com.sun.glass.ui.InvokeLaterDispatcher$Future.run$$$capture(InvokeLaterDispatcher.java:96)
	at javafx.graphics/com.sun.glass.ui.InvokeLaterDispatcher$Future.run(InvokeLaterDispatcher.java)
	at javafx.graphics/com.sun.glass.ui.win.WinApplication._runLoop(Native Method)
	at javafx.graphics/com.sun.glass.ui.win.WinApplication.lambda$runLoop$3(WinApplication.java:184)
	at java.base/java.lang.Thread.run(Thread.java:1474)
2026-04-03 18:52:49.627 [JavaFX Application Thread] ERROR c.appointmentscheduler.presentation.ErrorHandler - Failed to load screen: FXML not found. Tried: /com/appointmentscheduler/presentation/ThisDoesNotExist.fxml, com/appointmentscheduler/presentation/ThisDoesNotExist.fxml, ThisDoesNotExist.fxml. Check that src/main/resources is on classpath.
java.lang.IllegalStateException: FXML not found. Tried: /com/appointmentscheduler/presentation/ThisDoesNotExist.fxml, com/appointmentscheduler/presentation/ThisDoesNotExist.fxml, ThisDoesNotExist.fxml. Check that src/main/resources is on classpath.
	at com.appointmentscheduler/com.appointmentscheduler.presentation.MainApp.loadScreen(MainApp.java:320)
	at com.appointmentscheduler/com.appointmentscheduler.presentation.PresentationMainAppCoverageTest.lambda$mainApp_loadScreen_and_errorHandling_executeCompletely$5(PresentationMainAppCoverageTest.java:76)
	at com.appointmentscheduler/com.appointmentscheduler.presentation.PresentationMainAppCoverageTest.lambda$runOnFxVoid$0(PresentationMainAppCoverageTest.java:138)
	at com.appointmentscheduler/com.appointmentscheduler.presentation.PresentationMainAppCoverageTest.lambda$runOnFx$0(PresentationMainAppCoverageTest.java:120)
	at javafx.graphics/com.sun.javafx.application.PlatformImpl.lambda$runLater$10(PlatformImpl.java:457)
	at java.base/java.security.AccessController.doPrivileged(AccessController.java:138)
	at javafx.graphics/com.sun.javafx.application.PlatformImpl.lambda$runLater$11(PlatformImpl.java:456)
	at javafx.graphics/com.sun.glass.ui.InvokeLaterDispatcher$Future.run$$$capture(InvokeLaterDispatcher.java:96)
	at javafx.graphics/com.sun.glass.ui.InvokeLaterDispatcher$Future.run(InvokeLaterDispatcher.java)
	at javafx.graphics/com.sun.glass.ui.win.WinApplication._runLoop(Native Method)
	at javafx.graphics/com.sun.glass.ui.win.WinApplication.lambda$runLoop$3(WinApplication.java:184)
	at java.base/java.lang.Thread.run(Thread.java:1474)
2026-04-03 18:52:49.633 [JavaFX Application Thread] DEBUG c.appointmentscheduler.application.AuditLogService - Audit: LOGOUT | Patient | User logged out from application
2026-04-03 18:52:50.683 [main] INFO  com.zaxxer.hikari.HikariDataSource - AppointmentBookingPool - Shutdown initiated...
2026-04-03 18:52:50.692 [main] INFO  com.zaxxer.hikari.HikariDataSource - AppointmentBookingPool - Shutdown completed.
2026-04-03 18:52:50.692 [main] INFO  c.a.persistence.database.DatabaseConfig - Database connection pool closed
2026-04-03 18:52:50.693 [main] DEBUG com.appointmentscheduler.application.AppConfig - Application configuration loaded
2026-04-03 18:52:50.694 [main] INFO  com.zaxxer.hikari.HikariDataSource - AppointmentBookingPool - Starting...
2026-04-03 18:52:51.150 [main] INFO  com.zaxxer.hikari.pool.HikariPool - AppointmentBookingPool - Added connection conn0: url=jdbc:h2:mem:dbconfig_flyway user=SA
2026-04-03 18:52:51.150 [main] INFO  com.zaxxer.hikari.HikariDataSource - AppointmentBookingPool - Start completed.
2026-04-03 18:52:51.150 [main] INFO  c.a.persistence.database.DatabaseConfig - Database connection pool initialized: jdbc:h2:mem:dbconfig_flyway;DB_CLOSE_DELAY=-1;DATABASE_TO_LOWER=TRUE
2026-04-03 18:52:51.247 [main] INFO  org.flywaydb.core.internal.license.VersionPrinter - Flyway Community Edition 9.22.3 by Redgate
2026-04-03 18:52:51.247 [main] INFO  org.flywaydb.core.internal.license.VersionPrinter - See release notes here: https://rd.gt/416ObMi
2026-04-03 18:52:51.247 [main] INFO  org.flywaydb.core.internal.license.VersionPrinter - 
2026-04-03 18:52:51.302 [main] INFO  org.flywaydb.core.FlywayExecutor - Database: jdbc:h2:mem:dbconfig_flyway (H2 2.2)
2026-04-03 18:52:51.308 [main] WARN  org.flywaydb.core.internal.database.base.Database - Flyway upgrade recommended: H2 2.2.224 is newer than this version of Flyway and support has not been tested. The latest supported version of H2 is 2.2.220.
2026-04-03 18:52:51.330 [main] INFO  o.f.c.i.schemahistory.JdbcTableSchemaHistory - Schema history table "public"."flyway_schema_history" does not exist yet
2026-04-03 18:52:51.332 [main] INFO  org.flywaydb.core.internal.command.DbValidate - Successfully validated 2 migrations (execution time 00:00.014s)
2026-04-03 18:52:51.338 [main] INFO  o.f.c.i.schemahistory.JdbcTableSchemaHistory - Creating Schema History table "public"."flyway_schema_history" ...
2026-04-03 18:52:51.363 [main] INFO  org.flywaydb.core.internal.command.DbMigrate - Current version of schema "public": << Empty Schema >>
2026-04-03 18:52:51.377 [main] INFO  org.flywaydb.core.internal.command.DbMigrate - Migrating schema "public" to version "1 - enterprise schema"
2026-04-03 18:52:51.418 [main] INFO  org.flywaydb.core.internal.command.DbMigrate - Migrating schema "public" to version "2 - booking request fields"
2026-04-03 18:52:51.472 [main] INFO  org.flywaydb.core.internal.command.DbMigrate - Successfully applied 2 migrations to schema "public", now at version v2 (execution time 00:00.081s)
2026-04-03 18:52:51.473 [main] INFO  c.a.persistence.database.DatabaseConfig - Flyway migrations executed: 2
2026-04-03 18:52:51.474 [main] INFO  com.zaxxer.hikari.HikariDataSource - AppointmentBookingPool - Shutdown initiated...
2026-04-03 18:52:51.475 [main] INFO  com.zaxxer.hikari.HikariDataSource - AppointmentBookingPool - Shutdown completed.
2026-04-03 18:52:51.475 [main] INFO  c.a.persistence.database.DatabaseConfig - Database connection pool closed
2026-04-03 18:52:51.475 [main] INFO  com.zaxxer.hikari.HikariDataSource - AppointmentBookingPool - Starting...
2026-04-03 18:52:51.477 [main] INFO  com.zaxxer.hikari.pool.HikariPool - AppointmentBookingPool - Added connection conn2: url=jdbc:h2:mem:dbconfig_flyway user=SA
2026-04-03 18:52:51.477 [main] INFO  com.zaxxer.hikari.HikariDataSource - AppointmentBookingPool - Start completed.
2026-04-03 18:52:51.477 [main] INFO  c.a.persistence.database.DatabaseConfig - Database connection pool initialized: jdbc:h2:mem:dbconfig_flyway;DB_CLOSE_DELAY=-1;DATABASE_TO_LOWER=TRUE
2026-04-03 18:52:51.480 [main] INFO  org.flywaydb.core.FlywayExecutor - Database: jdbc:h2:mem:dbconfig_flyway (H2 2.2)
2026-04-03 18:52:51.481 [main] WARN  org.flywaydb.core.internal.database.base.Database - Flyway upgrade recommended: H2 2.2.224 is newer than this version of Flyway and support has not been tested. The latest supported version of H2 is 2.2.220.
2026-04-03 18:52:51.486 [main] INFO  org.flywaydb.core.internal.command.DbValidate - Successfully validated 2 migrations (execution time 00:00.003s)
2026-04-03 18:52:51.489 [main] INFO  org.flywaydb.core.internal.command.DbMigrate - Current version of schema "public": 2
2026-04-03 18:52:51.489 [main] INFO  org.flywaydb.core.internal.command.DbMigrate - Schema "public" is up to date. No migration necessary.
2026-04-03 18:52:51.489 [main] INFO  c.a.persistence.database.DatabaseConfig - Flyway migrations executed: 0
2026-04-03 18:52:51.489 [main] INFO  com.zaxxer.hikari.HikariDataSource - AppointmentBookingPool - Shutdown initiated...
2026-04-03 18:52:51.518 [main] INFO  com.zaxxer.hikari.HikariDataSource - AppointmentBookingPool - Shutdown completed.
2026-04-03 18:52:51.518 [main] INFO  c.a.persistence.database.DatabaseConfig - Database connection pool closed
2026-04-03 18:52:51.518 [main] DEBUG com.appointmentscheduler.application.AppConfig - Application configuration loaded
2026-04-03 18:52:51.521 [main] DEBUG com.appointmentscheduler.application.AppConfig - Application configuration loaded
2026-04-03 18:52:51.521 [main] DEBUG com.appointmentscheduler.application.AppConfig - Application configuration loaded
2026-04-03 18:52:52.494 [main] INFO  com.appointmentscheduler.application.AuthService - Login successful for user: john@test.com
2026-04-03 18:52:53.195 [main] WARN  com.appointmentscheduler.application.AuthService - Login attempt for locked account: john@test.com
2026-04-03 18:52:55.149 [main] WARN  com.appointmentscheduler.application.AuthService - Login failed for email: nobody@here.com
2026-04-03 18:52:56.113 [main] WARN  com.appointmentscheduler.application.AuthService - Login failed for email: john@test.com
2026-04-03 18:52:57.727 [main] INFO  com.appointmentscheduler.application.AuthService - Login successful for user: john@test.com
2026-04-03 18:52:59.109 [main] INFO  com.appointmentscheduler.application.AuthService - Login successful for user: john@test.com
2026-04-03 18:53:00.102 [main] INFO  com.appointmentscheduler.application.AuthService - Login successful for user: john@test.com
2026-04-03 18:53:01.079 [main] INFO  com.appointmentscheduler.application.AuthService - Login successful for user: admin@test.com
2026-04-03 18:53:01.083 [main] INFO  com.zaxxer.hikari.HikariDataSource - HikariPool-1 - Starting...
2026-04-03 18:53:01.085 [main] INFO  com.zaxxer.hikari.pool.HikariPool - HikariPool-1 - Added connection conn4: url=jdbc:h2:mem:jdbc_repo_test user=SA
2026-04-03 18:53:01.085 [main] INFO  com.zaxxer.hikari.HikariDataSource - HikariPool-1 - Start completed.
2026-04-03 18:53:01.198 [main] INFO  com.zaxxer.hikari.HikariDataSource - HikariPool-1 - Shutdown initiated...
2026-04-03 18:53:01.225 [main] INFO  com.zaxxer.hikari.HikariDataSource - HikariPool-1 - Shutdown completed.
2026-04-03 18:53:01.383 [JavaFX Application Thread] INFO  com.zaxxer.hikari.HikariDataSource - AppointmentBookingPool - Starting...
2026-04-03 18:53:01.387 [JavaFX Application Thread] INFO  com.zaxxer.hikari.pool.HikariPool - AppointmentBookingPool - Added connection com.mysql.cj.jdbc.ConnectionImpl@3a97e84c
2026-04-03 18:53:01.387 [JavaFX Application Thread] INFO  com.zaxxer.hikari.HikariDataSource - AppointmentBookingPool - Start completed.
2026-04-03 18:53:01.387 [JavaFX Application Thread] INFO  c.a.persistence.database.DatabaseConfig - Database connection pool initialized: jdbc:mysql://localhost:3306/appointment?useUnicode=true&characterEncoding=UTF-8&serverTimezone=UTC&useSSL=false&allowPublicKeyRetrieval=true
2026-04-03 18:53:01.388 [JavaFX Application Thread] INFO  c.a.persistence.database.DatabaseConfig - MySQL: table app_user verified/created
2026-04-03 18:53:01.388 [JavaFX Application Thread] DEBUG c.a.persistence.database.DatabaseConfig - MySQL (skipped): ALTER TABLE appointment ADD COLUMN customer_notes VARCHAR(2000) NULL — Duplicate column name 'customer_notes'
2026-04-03 18:53:01.389 [JavaFX Application Thread] DEBUG c.a.persistence.database.DatabaseConfig - MySQL (skipped): ALTER TABLE appointment ADD COLUMN contact_phone VARCHAR(64) NULL — Duplicate column name 'contact_phone'
2026-04-03 18:53:01.389 [JavaFX Application Thread] DEBUG c.a.persistence.database.DatabaseConfig - MySQL (skipped): ALTER TABLE appointment ADD COLUMN reminder_channel VARCHAR(32) NULL — Duplicate column name 'reminder_channel'
2026-04-03 18:53:01.390 [JavaFX Application Thread] DEBUG c.a.persistence.database.DatabaseConfig - MySQL (skipped): ALTER TABLE appointment ADD COLUMN accessibility_needs VARCHAR(512) NULL — Duplicate column name 'accessibility_needs'
2026-04-03 18:53:01.390 [JavaFX Application Thread] DEBUG c.a.persistence.database.DatabaseConfig - MySQL (skipped): ALTER TABLE appointment ADD COLUMN preferred_language VARCHAR(16) NULL — Duplicate column name 'preferred_language'
2026-04-03 18:53:01.390 [JavaFX Application Thread] INFO  com.appointmentscheduler.presentation.MainApp - Using database persistence (MySQL). User and appointment data will be saved.
2026-04-03 18:53:01.397 [JavaFX Application Thread] INFO  com.appointmentscheduler.presentation.MainApp - Starting Appointment Booking System v3.0.0
2026-04-03 18:53:01.808 [JavaFX Application Thread] DEBUG c.appointmentscheduler.application.AuditLogService - Audit: DAY_REOPENED | Admin Sweep | Reopened calendar day: 2026-04-03
2026-04-03 18:53:01.823 [JavaFX Application Thread] DEBUG c.appointmentscheduler.application.AuditLogService - Audit: DAY_CLOSED | Admin Sweep | Closed calendar day: 2026-04-03
2026-04-03 18:53:03.341 [Thread-30] DEBUG c.appointmentscheduler.application.AuditLogService - Audit: BOOK | User Sweep | Appointment 5bba6260-6711-47ee-a7d7-6bc0ed56db75 at 2026-04-04T08:15 to 2026-04-04T09:15 | entity=5bba6260-6711-47ee-a7d7-6bc0ed56db75
2026-04-03 18:53:03.747 [JavaFX Application Thread] INFO  com.appointmentscheduler.presentation.MainApp - Using database persistence (MySQL). User and appointment data will be saved.
2026-04-03 18:53:03.765 [JavaFX Application Thread] INFO  com.appointmentscheduler.presentation.MainApp - Starting Appointment Booking System v3.0.0
2026-04-03 18:53:04.330 [JavaFX Application Thread] DEBUG c.appointmentscheduler.application.AuditLogService - Audit: LOGIN_FAILED | admin@example.com | Invalid credentials
2026-04-03 18:53:04.330 [JavaFX Application Thread] WARN  com.appointmentscheduler.application.AuthService - Login failed for email: admin@example.com
2026-04-03 18:53:06.373 [JavaFX Application Thread] DEBUG c.appointmentscheduler.application.AuditLogService - Audit: LOGIN_FAILED | customer@example.com | Invalid credentials
2026-04-03 18:53:06.373 [JavaFX Application Thread] WARN  com.appointmentscheduler.application.AuthService - Login failed for email: customer@example.com
2026-04-03 18:53:08.171 [main] DEBUG com.appointmentscheduler.application.AppConfig - Application configuration loaded
2026-04-03 18:53:08.173 [main] DEBUG com.appointmentscheduler.application.AppConfig - Application configuration loaded
2026-04-03 18:53:08.176 [JavaFX Application Thread] INFO  com.appointmentscheduler.presentation.MainApp - Using database persistence (MySQL). User and appointment data will be saved.
2026-04-03 18:53:08.181 [JavaFX Application Thread] INFO  com.appointmentscheduler.presentation.MainApp - Starting Appointment Booking System v3.0.0
2026-04-03 18:53:09.287 [JavaFX Application Thread] DEBUG c.appointmentscheduler.application.AuditLogService - Audit: DAY_REOPENED | Forced Admin | Reopened calendar day: 2026-04-03
2026-04-03 18:53:09.298 [JavaFX Application Thread] DEBUG c.appointmentscheduler.application.AuditLogService - Audit: DAY_CLOSED | Forced Admin | Closed calendar day: 2026-04-03
2026-04-03 18:53:15.600 [main] DEBUG c.appointmentscheduler.application.AuditLogService - Audit: CANCEL | A | Appointment cadm | entity=cadm
2026-04-03 18:53:15.609 [main] DEBUG c.appointmentscheduler.application.AuditLogService - Audit: CANCEL | Pat | Appointment cc | entity=cc
2026-04-03 18:53:15.641 [main] DEBUG c.appointmentscheduler.application.AuditLogService - Audit: CANCEL | Pat | Appointment ac688cdb-a6dd-4436-b3fb-d4f12b15bb61 | entity=ac688cdb-a6dd-4436-b3fb-d4f12b15bb61
2026-04-03 18:53:15.647 [main] DEBUG c.appointmentscheduler.application.AuditLogService - Audit: MODIFY | Pat | Appointment mid to 2026-04-07T10:00 to 2026-04-07T11:00 | entity=mid
2026-04-03 18:53:15.649 [main] DEBUG c.appointmentscheduler.application.AuditLogService - Audit: MODIFY | Pat | Appointment mod to 2026-04-08T10:00 to 2026-04-08T11:00 | entity=mod
2026-04-03 18:53:15.661 [main] DEBUG c.appointmentscheduler.application.AuditLogService - Audit: MODIFY | Pat | Appointment ev to 2026-04-08T10:00 to 2026-04-08T11:00 | entity=ev
2026-04-03 18:53:15.673 [main] DEBUG c.appointmentscheduler.application.AuditLogService - Audit: MODIFY | A | Appointment adm to 2026-04-08T10:00 to 2026-04-08T11:00 | entity=adm
2026-04-03 18:53:15.682 [main] DEBUG c.appointmentscheduler.application.AuditLogService - Audit: COMPLETE | A | Appointment ex marked COMPLETED | entity=ex
2026-04-03 18:53:15.684 [main] DEBUG c.appointmentscheduler.application.AuditLogService - Audit: COMPLETE | R | Appointment r1 marked COMPLETED | entity=r1
2026-04-03 18:53:15.694 [main] DEBUG c.appointmentscheduler.application.AuditLogService - Audit: COMPLETE | A | Appointment fixed-id marked COMPLETED | entity=fixed-id
2026-04-03 18:53:15.707 [main] DEBUG c.appointmentscheduler.application.AuditLogService - Audit: BOOK | Pat | Appointment e1916dc8-7e5c-4a04-94e3-0da82a9e7018 at 2026-04-11T10:00 to 2026-04-11T11:00 | entity=e1916dc8-7e5c-4a04-94e3-0da82a9e7018
2026-04-03 18:53:15.750 [main] DEBUG c.appointmentscheduler.application.AuditLogService - Audit: BOOK | Pat | Appointment ba6580f4-c2a1-4f83-a44a-82c9464b1a6e at 2026-04-13T10:00 to 2026-04-13T11:00 | entity=ba6580f4-c2a1-4f83-a44a-82c9464b1a6e
2026-04-03 18:53:15.753 [main] DEBUG c.appointmentscheduler.application.AuditLogService - Audit: BOOK | Pat | Appointment 4d37b244-a70f-49c9-b725-591af8993117 at 2026-04-05T10:00 to 2026-04-05T11:00 | entity=4d37b244-a70f-49c9-b725-591af8993117
2026-04-03 18:53:15.758 [main] DEBUG c.appointmentscheduler.application.AuditLogService - Audit: BOOK | Pat | Appointment 71c3639b-29a8-4371-b518-a3d6bdd241b0 at 2026-04-05T10:00 to 2026-04-05T11:00 | entity=71c3639b-29a8-4371-b518-a3d6bdd241b0
2026-04-03 18:53:15.772 [main] DEBUG c.appointmentscheduler.application.AuditLogService - Audit: BOOK | Pat | Appointment ee2adc15-1559-45cd-9a2a-dfd0b3f3dc1b at 2026-04-07T10:00 to 2026-04-07T11:00 | entity=ee2adc15-1559-45cd-9a2a-dfd0b3f3dc1b
2026-04-03 18:53:16.064 [main] WARN  c.appointmentscheduler.presentation.ErrorHandler - warn msg
2026-04-03 18:53:16.065 [main] WARN  c.appointmentscheduler.presentation.ErrorHandler - warn msg
java.io.IOException: boom
	at com.appointmentscheduler/com.appointmentscheduler.presentation.ErrorHandlerTest.lambda$logWarning_withThrowable_doesNotThrow$0(ErrorHandlerTest.java:18)
	at org.assertj.core.api.ThrowableAssert.catchThrowable(ThrowableAssert.java:63)
	at org.assertj.core.api.AssertionsForClassTypes.catchThrowable(AssertionsForClassTypes.java:892)
	at org.assertj.core.api.AssertionsForClassTypes.assertThatCode(AssertionsForClassTypes.java:863)
	at org.assertj.core.api.Assertions.assertThatCode(Assertions.java:1287)
	at com.appointmentscheduler/com.appointmentscheduler.presentation.ErrorHandlerTest.logWarning_withThrowable_doesNotThrow(ErrorHandlerTest.java:18)
	at java.base/jdk.internal.reflect.DirectMethodHandleAccessor.invoke(DirectMethodHandleAccessor.java:104)
	at java.base/java.lang.reflect.Method.invoke(Method.java:565)
	at org.junit.platform.commons.util.ReflectionUtils.invokeMethod(ReflectionUtils.java:728)
	at org.junit.jupiter.engine.execution.MethodInvocation.proceed(MethodInvocation.java:60)
	at org.junit.jupiter.engine.execution.InvocationInterceptorChain$ValidatingInvocation.proceed(InvocationInterceptorChain.java:131)
	at org.junit.jupiter.engine.extension.TimeoutExtension.intercept(TimeoutExtension.java:156)
	at org.junit.jupiter.engine.extension.TimeoutExtension.interceptTestableMethod(TimeoutExtension.java:147)
	at org.junit.jupiter.engine.extension.TimeoutExtension.interceptTestMethod(TimeoutExtension.java:86)
	at org.junit.jupiter.engine.execution.InterceptingExecutableInvoker$ReflectiveInterceptorCall.lambda$ofVoidMethod$0(InterceptingExecutableInvoker.java:103)
	at org.junit.jupiter.engine.execution.InterceptingExecutableInvoker.lambda$invoke$0(InterceptingExecutableInvoker.java:93)
	at org.junit.jupiter.engine.execution.InvocationInterceptorChain$InterceptedInvocation.proceed(InvocationInterceptorChain.java:106)
	at org.junit.jupiter.engine.execution.InvocationInterceptorChain.proceed(InvocationInterceptorChain.java:64)
	at org.junit.jupiter.engine.execution.InvocationInterceptorChain.chainAndInvoke(InvocationInterceptorChain.java:45)
	at org.junit.jupiter.engine.execution.InvocationInterceptorChain.invoke(InvocationInterceptorChain.java:37)
	at org.junit.jupiter.engine.execution.InterceptingExecutableInvoker.invoke(InterceptingExecutableInvoker.java:92)
	at org.junit.jupiter.engine.execution.InterceptingExecutableInvoker.invoke(InterceptingExecutableInvoker.java:86)
	at org.junit.jupiter.engine.descriptor.TestMethodTestDescriptor.lambda$invokeTestMethod$7(TestMethodTestDescriptor.java:218)
	at org.junit.platform.engine.support.hierarchical.ThrowableCollector.execute(ThrowableCollector.java:73)
	at org.junit.jupiter.engine.descriptor.TestMethodTestDescriptor.invokeTestMethod(TestMethodTestDescriptor.java:214)
	at org.junit.jupiter.engine.descriptor.TestMethodTestDescriptor.execute(TestMethodTestDescriptor.java:139)
	at org.junit.jupiter.engine.descriptor.TestMethodTestDescriptor.execute(TestMethodTestDescriptor.java:69)
	at org.junit.platform.engine.support.hierarchical.NodeTestTask.lambda$executeRecursively$6(NodeTestTask.java:151)
	at org.junit.platform.engine.support.hierarchical.ThrowableCollector.execute(ThrowableCollector.java:73)
	at org.junit.platform.engine.support.hierarchical.NodeTestTask.lambda$executeRecursively$8(NodeTestTask.java:141)
	at org.junit.platform.engine.support.hierarchical.Node.around(Node.java:137)
	at org.junit.platform.engine.support.hierarchical.NodeTestTask.lambda$executeRecursively$9(NodeTestTask.java:139)
	at org.junit.platform.engine.support.hierarchical.ThrowableCollector.execute(ThrowableCollector.java:73)
	at org.junit.platform.engine.support.hierarchical.NodeTestTask.executeRecursively(NodeTestTask.java:138)
	at org.junit.platform.engine.support.hierarchical.NodeTestTask.execute(NodeTestTask.java:95)
	at java.base/java.util.ArrayList.forEach(ArrayList.java:1604)
	at org.junit.platform.engine.support.hierarchical.SameThreadHierarchicalTestExecutorService.invokeAll(SameThreadHierarchicalTestExecutorService.java:41)
	at org.junit.platform.engine.support.hierarchical.NodeTestTask.lambda$executeRecursively$6(NodeTestTask.java:155)
	at org.junit.platform.engine.support.hierarchical.ThrowableCollector.execute(ThrowableCollector.java:73)
	at org.junit.platform.engine.support.hierarchical.NodeTestTask.lambda$executeRecursively$8(NodeTestTask.java:141)
	at org.junit.platform.engine.support.hierarchical.Node.around(Node.java:137)
	at org.junit.platform.engine.support.hierarchical.NodeTestTask.lambda$executeRecursively$9(NodeTestTask.java:139)
	at org.junit.platform.engine.support.hierarchical.ThrowableCollector.execute(ThrowableCollector.java:73)
	at org.junit.platform.engine.support.hierarchical.NodeTestTask.executeRecursively(NodeTestTask.java:138)
	at org.junit.platform.engine.support.hierarchical.NodeTestTask.execute(NodeTestTask.java:95)
	at java.base/java.util.ArrayList.forEach(ArrayList.java:1604)
	at org.junit.platform.engine.support.hierarchical.SameThreadHierarchicalTestExecutorService.invokeAll(SameThreadHierarchicalTestExecutorService.java:41)
	at org.junit.platform.engine.support.hierarchical.NodeTestTask.lambda$executeRecursively$6(NodeTestTask.java:155)
	at org.junit.platform.engine.support.hierarchical.ThrowableCollector.execute(ThrowableCollector.java:73)
	at org.junit.platform.engine.support.hierarchical.NodeTestTask.lambda$executeRecursively$8(NodeTestTask.java:141)
	at org.junit.platform.engine.support.hierarchical.Node.around(Node.java:137)
	at org.junit.platform.engine.support.hierarchical.NodeTestTask.lambda$executeRecursively$9(NodeTestTask.java:139)
	at org.junit.platform.engine.support.hierarchical.ThrowableCollector.execute(ThrowableCollector.java:73)
	at org.junit.platform.engine.support.hierarchical.NodeTestTask.executeRecursively(NodeTestTask.java:138)
	at org.junit.platform.engine.support.hierarchical.NodeTestTask.execute(NodeTestTask.java:95)
	at org.junit.platform.engine.support.hierarchical.SameThreadHierarchicalTestExecutorService.submit(SameThreadHierarchicalTestExecutorService.java:35)
	at org.junit.platform.engine.support.hierarchical.HierarchicalTestExecutor.execute(HierarchicalTestExecutor.java:57)
	at org.junit.platform.engine.support.hierarchical.HierarchicalTestEngine.execute(HierarchicalTestEngine.java:54)
	at org.junit.platform.launcher.core.EngineExecutionOrchestrator.execute(EngineExecutionOrchestrator.java:198)
	at org.junit.platform.launcher.core.EngineExecutionOrchestrator.execute(EngineExecutionOrchestrator.java:169)
	at org.junit.platform.launcher.core.EngineExecutionOrchestrator.execute(EngineExecutionOrchestrator.java:93)
	at org.junit.platform.launcher.core.EngineExecutionOrchestrator.lambda$execute$0(EngineExecutionOrchestrator.java:58)
	at org.junit.platform.launcher.core.EngineExecutionOrchestrator.withInterceptedStreams(EngineExecutionOrchestrator.java:141)
	at org.junit.platform.launcher.core.EngineExecutionOrchestrator.execute(EngineExecutionOrchestrator.java:57)
	at org.junit.platform.launcher.core.DefaultLauncher.execute(DefaultLauncher.java:103)
	at org.junit.platform.launcher.core.DefaultLauncher.execute(DefaultLauncher.java:85)
	at org.junit.platform.launcher.core.DelegatingLauncher.execute(DelegatingLauncher.java:47)
	at org.junit.platform.launcher.core.SessionPerRequestLauncher.execute(SessionPerRequestLauncher.java:63)
	at com.intellij.junit5.JUnit5IdeaTestRunner.startRunnerWithArgs(JUnit5IdeaTestRunner.java:66)
	at com.intellij.rt.junit.IdeaTestRunner$Repeater$1.execute(IdeaTestRunner.java:38)
	at com.intellij.rt.execution.junit.TestsRepeater.repeat(TestsRepeater.java:11)
	at com.intellij.rt.junit.IdeaTestRunner$Repeater.startRunnerWithArgs(IdeaTestRunner.java:35)
	at com.intellij.rt.junit.JUnitStarter.prepareStreamsAndStart(JUnitStarter.java:231)
	at com.intellij.rt.junit.JUnitStarter.main(JUnitStarter.java:55)
2026-04-03 18:53:16.783 [JavaFX Application Thread] ERROR c.a.presentation.LoginController - Registration save failed for email auto.301840952346600@test.com
java.lang.RuntimeException: boom
	at com.appointmentscheduler/com.appointmentscheduler.presentation.LoginController.handleOpenRegistration(LoginController.java:215)
	at com.appointmentscheduler/com.appointmentscheduler.presentation.LoginControllerCoverageTest.lambda$runOnFxVoid$0(LoginControllerCoverageTest.java:275)
	at javafx.graphics/com.sun.javafx.application.PlatformImpl.lambda$runLater$10(PlatformImpl.java:457)
	at java.base/java.security.AccessController.doPrivileged(AccessController.java:138)
	at javafx.graphics/com.sun.javafx.application.PlatformImpl.lambda$runLater$11(PlatformImpl.java:456)
	at javafx.graphics/com.sun.glass.ui.InvokeLaterDispatcher$Future.run$$$capture(InvokeLaterDispatcher.java:96)
	at javafx.graphics/com.sun.glass.ui.InvokeLaterDispatcher$Future.run(InvokeLaterDispatcher.java)
	at javafx.graphics/com.sun.glass.ui.win.WinApplication._runLoop(Native Method)
	at javafx.graphics/com.sun.glass.ui.win.WinApplication.lambda$runLoop$3(WinApplication.java:184)
	at java.base/java.lang.Thread.run(Thread.java:1474)
2026-04-03 18:53:16.796 [main] DEBUG com.appointmentscheduler.application.AppConfig - Application configuration loaded
2026-04-03 18:53:16.797 [main] DEBUG com.appointmentscheduler.application.AppConfig - Application configuration loaded
2026-04-03 18:53:16.800 [main] DEBUG com.appointmentscheduler.application.AppConfig - Application configuration loaded
2026-04-03 18:53:16.802 [main] DEBUG com.appointmentscheduler.application.AppConfig - Application configuration loaded
2026-04-03 18:53:16.804 [main] DEBUG com.appointmentscheduler.application.AppConfig - Application configuration loaded
2026-04-03 18:53:16.810 [main] DEBUG com.appointmentscheduler.application.AppConfig - Application configuration loaded
2026-04-03 18:53:16.811 [main] DEBUG com.appointmentscheduler.application.AppConfig - Application configuration loaded
2026-04-03 18:53:16.813 [main] DEBUG com.appointmentscheduler.application.AppConfig - Application configuration loaded
2026-04-03 18:53:16.816 [main] DEBUG com.appointmentscheduler.application.AppConfig - Application configuration loaded
2026-04-03 18:53:17.135 [main] DEBUG c.appointmentscheduler.application.AuditLogService - Audit: ACTION | null | details
2026-04-03 18:53:17.135 [main] DEBUG c.appointmentscheduler.application.AuditLogService - Audit: A2 | N | d2
2026-04-03 18:53:17.135 [main] DEBUG c.appointmentscheduler.application.AuditLogService - Audit: A3 | N | d3 | entity=e1
2026-04-03 18:53:17.135 [main] DEBUG c.appointmentscheduler.application.AuditLogService - Audit: A4 | name | d4
2026-04-03 18:53:17.152 [main] DEBUG c.appointmentscheduler.application.AuditLogService - Audit: EXPIRE | System | Appointment pnd auto-expired
2026-04-03 18:53:17.154 [main] DEBUG c.appointmentscheduler.application.AuditLogService - Audit: EXPIRE | System | Appointment a1 auto-expired
2026-04-03 18:53:17.199 [main] DEBUG c.appointmentscheduler.application.AuditLogService - Audit: CANCEL_RECURRENCE_SINGLE | N | Occurrence sid_1775473200 | entity=sid_1775473200
2026-04-03 18:53:17.201 [main] DEBUG c.appointmentscheduler.application.AuditLogService - Audit: CANCEL_RECURRENCE_SERIES | N | Series SER123 occurrence a1 | entity=a1
2026-04-03 18:53:17.201 [main] DEBUG c.appointmentscheduler.application.AuditLogService - Audit: CANCEL_RECURRENCE_SERIES | N | Series SER123 occurrence a2 | entity=a2
2026-04-03 18:53:17.203 [main] DEBUG com.appointmentscheduler.application.AppConfig - Application configuration loaded
2026-04-03 18:53:17.204 [main] DEBUG com.appointmentscheduler.application.AppConfig - Application configuration loaded
2026-04-03 18:53:17.206 [main] DEBUG com.appointmentscheduler.application.AppConfig - Application configuration loaded
2026-04-03 18:53:17.210 [main] DEBUG com.appointmentscheduler.application.AppConfig - Application configuration loaded
2026-04-03 18:53:17.211 [main] DEBUG com.appointmentscheduler.application.AppConfig - Application configuration loaded
2026-04-03 18:53:17.212 [main] DEBUG com.appointmentscheduler.application.AppConfig - Application configuration loaded
2026-04-03 18:53:17.213 [main] DEBUG com.appointmentscheduler.application.AppConfig - Application configuration loaded
2026-04-03 18:53:17.213 [main] DEBUG com.appointmentscheduler.application.AppConfig - Application configuration loaded
2026-04-03 18:53:17.214 [main] DEBUG com.appointmentscheduler.application.AppConfig - Application configuration loaded
2026-04-03 18:53:17.215 [main] DEBUG com.appointmentscheduler.application.AppConfig - Application configuration loaded
2026-04-03 18:53:17.216 [main] DEBUG com.appointmentscheduler.application.AppConfig - Application configuration loaded
2026-04-03 18:53:17.217 [main] DEBUG com.appointmentscheduler.application.AppConfig - Application configuration loaded
2026-04-03 18:53:17.218 [main] DEBUG com.appointmentscheduler.application.AppConfig - Application configuration loaded
2026-04-03 18:53:17.219 [main] DEBUG com.appointmentscheduler.application.AppConfig - Application configuration loaded
2026-04-03 18:53:17.220 [main] DEBUG com.appointmentscheduler.application.AppConfig - Application configuration loaded
2026-04-03 18:53:17.221 [main] DEBUG com.appointmentscheduler.application.AppConfig - Application configuration loaded
2026-04-03 18:53:17.222 [main] DEBUG com.appointmentscheduler.application.AppConfig - Application configuration loaded
2026-04-03 18:53:17.222 [main] DEBUG com.appointmentscheduler.application.AppConfig - Application configuration loaded
2026-04-03 18:53:17.224 [main] DEBUG com.appointmentscheduler.application.AppConfig - Application configuration loaded
2026-04-03 18:53:17.225 [main] DEBUG com.appointmentscheduler.application.AppConfig - Application configuration loaded
2026-04-03 18:53:17.228 [JavaFX Application Thread] INFO  com.appointmentscheduler.presentation.MainApp - Using database persistence (MySQL). User and appointment data will be saved.
2026-04-03 18:53:17.234 [JavaFX Application Thread] INFO  com.appointmentscheduler.presentation.MainApp - Starting Appointment Booking System v3.0.0
2026-04-03 18:53:19.694 [Thread-4] INFO  com.zaxxer.hikari.HikariDataSource - AppointmentBookingPool - Shutdown initiated...
2026-04-03 18:53:19.698 [Thread-4] INFO  com.zaxxer.hikari.HikariDataSource - AppointmentBookingPool - Shutdown completed.
2026-04-03 18:53:19.698 [Thread-4] INFO  c.a.persistence.database.DatabaseConfig - Database connection pool closed
